127.0.0.1 - - [03/Apr/2018:01:54:21 +0000] "GET /help HTTP/1.1" 200 29444 "" "curl/7.56.1"
127.0.0.1 - - [03/Apr/2018:01:55:21 +0000] "GET /help HTTP/1.1" 200 29444 "" "curl/7.56.1"
172.17.0.1 - - [03/Apr/2018:01:56:13 +0000] "GET /profile HTTP/1.1" 200 7989 "http://localhost:10080/samuel/jenkins-jest" "Mozilla/5.0 (Macintosh; Intel Mac OS X 10_13_2) AppleWebKit/604.4.7 (KHTML, like Gecko) Version/11.0.2 Safari/604.4.7"
172.17.0.1 - - [03/Apr/2018:01:56:13 +0000] "GET /assets/webpack/profile.189583aead9953cc3e63.bundle.js HTTP/1.1" 200 11279 "http://localhost:10080/profile" "Mozilla/5.0 (Macintosh; Intel Mac OS X 10_13_2) AppleWebKit/604.4.7 (KHTML, like Gecko) Version/11.0.2 Safari/604.4.7"
172.17.0.1 - - [03/Apr/2018:01:56:16 +0000] "GET /profile/keys HTTP/1.1" 200 6711 "http://localhost:10080/profile" "Mozilla/5.0 (Macintosh; Intel Mac OS X 10_13_2) AppleWebKit/604.4.7 (KHTML, like Gecko) Version/11.0.2 Safari/604.4.7"
172.17.0.1 - - [03/Apr/2018:01:56:18 +0000] "POST /profile/keys HTTP/1.1" 200 7170 "http://localhost:10080/profile/keys" "Mozilla/5.0 (Macintosh; Intel Mac OS X 10_13_2) AppleWebKit/604.4.7 (KHTML, like Gecko) Version/11.0.2 Safari/604.4.7"
127.0.0.1 - - [03/Apr/2018:01:56:22 +0000] "GET /help HTTP/1.1" 200 29413 "" "curl/7.56.1"
172.17.0.1 - - [03/Apr/2018:01:56:36 +0000] "POST /profile/keys HTTP/1.1" 200 7226 "http://localhost:10080/profile/keys" "Mozilla/5.0 (Macintosh; Intel Mac OS X 10_13_2) AppleWebKit/604.4.7 (KHTML, like Gecko) Version/11.0.2 Safari/604.4.7"
127.0.0.1 - - [03/Apr/2018:01:57:22 +0000] "GET /help HTTP/1.1" 200 29444 "" "curl/7.56.1"
172.17.0.1 - - [03/Apr/2018:01:58:06 +0000] "GET /help/ssh/README HTTP/1.1" 200 9810 "http://localhost:10080/profile/keys" "Mozilla/5.0 (Macintosh; Intel Mac OS X 10_13_2) AppleWebKit/604.4.7 (KHTML, like Gecko) Version/11.0.2 Safari/604.4.7"
172.17.0.1 - - [03/Apr/2018:01:58:06 +0000] "GET /assets/webpack/help.beeadb0a8273139fc2ff.bundle.js HTTP/1.1" 200 272 "http://localhost:10080/help/ssh/README" "Mozilla/5.0 (Macintosh; Intel Mac OS X 10_13_2) AppleWebKit/604.4.7 (KHTML, like Gecko) Version/11.0.2 Safari/604.4.7"
172.17.0.1 - - [03/Apr/2018:01:58:06 +0000] "GET /assets/icon_anchor-297aa9b0225eff3d6d0da74ce042a0ed5575b92aa66b7109a5e060a795b42e36.svg HTTP/1.1" 200 496 "http://localhost:10080/help/ssh/README" "Mozilla/5.0 (Macintosh; Intel Mac OS X 10_13_2) AppleWebKit/604.4.7 (KHTML, like Gecko) Version/11.0.2 Safari/604.4.7"
127.0.0.1 - - [03/Apr/2018:01:58:23 +0000] "GET /help HTTP/1.1" 200 29444 "" "curl/7.56.1"
172.17.0.1 - - [03/Apr/2018:01:59:10 +0000] "POST /profile/keys HTTP/1.1" 302 103 "http://localhost:10080/profile/keys" "Mozilla/5.0 (Macintosh; Intel Mac OS X 10_13_2) AppleWebKit/604.4.7 (KHTML, like Gecko) Version/11.0.2 Safari/604.4.7"
172.17.0.1 - - [03/Apr/2018:01:59:11 +0000] "GET /profile/keys/6 HTTP/1.1" 200 7033 "http://localhost:10080/profile/keys" "Mozilla/5.0 (Macintosh; Intel Mac OS X 10_13_2) AppleWebKit/604.4.7 (KHTML, like Gecko) Version/11.0.2 Safari/604.4.7"
172.17.0.1 - - [03/Apr/2018:01:59:16 +0000] "GET / HTTP/1.1" 200 6198 "http://localhost:10080/profile/keys/6" "Mozilla/5.0 (Macintosh; Intel Mac OS X 10_13_2) AppleWebKit/604.4.7 (KHTML, like Gecko) Version/11.0.2 Safari/604.4.7"
172.17.0.1 - - [03/Apr/2018:01:59:18 +0000] "GET /samuel/jenkins-jest HTTP/1.1" 200 9989 "http://localhost:10080/" "Mozilla/5.0 (Macintosh; Intel Mac OS X 10_13_2) AppleWebKit/604.4.7 (KHTML, like Gecko) Version/11.0.2 Safari/604.4.7"
127.0.0.1 - - [03/Apr/2018:01:59:23 +0000] "GET /help HTTP/1.1" 200 29444 "" "curl/7.56.1"
127.0.0.1 - - [03/Apr/2018:02:00:24 +0000] "GET /help HTTP/1.1" 200 29444 "" "curl/7.56.1"
127.0.0.1 - - [03/Apr/2018:02:01:24 +0000] "GET /help HTTP/1.1" 200 29444 "" "curl/7.56.1"
127.0.0.1 - - [03/Apr/2018:02:02:25 +0000] "GET /help HTTP/1.1" 200 29444 "" "curl/7.56.1"
172.17.0.1 - - [03/Apr/2018:02:02:30 +0000] "GET /samuel/jenkins-jest.git/info/refs?service=git-upload-pack HTTP/1.1" 200 38 "" "git/2.7.1"
127.0.0.1 - - [03/Apr/2018:02:03:25 +0000] "GET /help HTTP/1.1" 200 29444 "" "curl/7.56.1"
172.17.0.1 - - [03/Apr/2018:02:03:42 +0000] "GET /samuel/jenkins-jest.git/info/refs?service=git-receive-pack HTTP/1.1" 401 26 "" "git/2.7.1"
172.17.0.1 - - [03/Apr/2018:02:03:47 +0000] "GET /samuel/jenkins-jest.git/info/refs?service=git-receive-pack HTTP/1.1" 401 26 "" "git/2.7.1"
172.17.0.1 - pedoe [03/Apr/2018:02:03:47 +0000] "GET /samuel/jenkins-jest.git/info/refs?service=git-receive-pack HTTP/1.1" 401 26 "" "git/2.7.1"
172.17.0.1 - - [03/Apr/2018:02:03:49 +0000] "GET /samuel/jenkins-jest.git/info/refs?service=git-receive-pack HTTP/1.1" 401 26 "" "git/2.7.1"
172.17.0.1 - - [03/Apr/2018:02:03:55 +0000] "GET /samuel/jenkins-jest.git/info/refs?service=git-receive-pack HTTP/1.1" 401 26 "" "git/2.7.1"
172.17.0.1 - samuel [03/Apr/2018:02:03:55 +0000] "GET /samuel/jenkins-jest.git/info/refs?service=git-receive-pack HTTP/1.1" 200 193 "" "git/2.7.1"
172.17.0.1 - samuel [03/Apr/2018:02:03:57 +0000] "POST /samuel/jenkins-jest.git/git-receive-pack HTTP/1.1" 200 52 "" "git/2.7.1"
172.17.0.1 - - [03/Apr/2018:02:04:10 +0000] "GET /samuel/jenkins-jest HTTP/1.1" 200 26013 "http://localhost:10080/" "Mozilla/5.0 (Macintosh; Intel Mac OS X 10_13_2) AppleWebKit/604.4.7 (KHTML, like Gecko) Version/11.0.2 Safari/604.4.7"
172.17.0.1 - - [03/Apr/2018:02:04:11 +0000] "GET /samuel/jenkins-jest/refs/master/logs_tree/?_=1522721046419 HTTP/1.1" 200 650 "http://localhost:10080/samuel/jenkins-jest" "Mozilla/5.0 (Macintosh; Intel Mac OS X 10_13_2) AppleWebKit/604.4.7 (KHTML, like Gecko) Version/11.0.2 Safari/604.4.7"
172.17.0.1 - - [03/Apr/2018:02:04:18 +0000] "GET /samuel/jenkins-jest/blob/master/README.md?format=json&viewer=rich HTTP/1.1" 200 68343 "http://localhost:10080/samuel/jenkins-jest" "Mozilla/5.0 (Macintosh; Intel Mac OS X 10_13_2) AppleWebKit/604.4.7 (KHTML, like Gecko) Version/11.0.2 Safari/604.4.7"
127.0.0.1 - - [03/Apr/2018:02:04:25 +0000] "GET /help HTTP/1.1" 200 29444 "" "curl/7.56.1"
127.0.0.1 - - [03/Apr/2018:02:05:26 +0000] "GET /help HTTP/1.1" 200 29413 "" "curl/7.56.1"
127.0.0.1 - - [03/Apr/2018:02:06:26 +0000] "GET /help HTTP/1.1" 200 29444 "" "curl/7.56.1"
172.17.0.1 - - [03/Apr/2018:02:06:43 +0000] "GET /samuel/jenkins-jest/blob/master/Jenkinsfile HTTP/1.1" 200 10269 "http://localhost:10080/samuel/jenkins-jest" "Mozilla/5.0 (Macintosh; Intel Mac OS X 10_13_2) AppleWebKit/604.4.7 (KHTML, like Gecko) Version/11.0.2 Safari/604.4.7"
172.17.0.1 - - [03/Apr/2018:02:06:44 +0000] "GET /samuel/jenkins-jest/blob/master/Jenkinsfile?format=json&viewer=simple HTTP/1.1" 200 1272 "http://localhost:10080/samuel/jenkins-jest/blob/master/Jenkinsfile" "Mozilla/5.0 (Macintosh; Intel Mac OS X 10_13_2) AppleWebKit/604.4.7 (KHTML, like Gecko) Version/11.0.2 Safari/604.4.7"
127.0.0.1 - - [03/Apr/2018:02:07:27 +0000] "GET /help HTTP/1.1" 200 29444 "" "curl/7.56.1"
127.0.0.1 - - [03/Apr/2018:02:08:28 +0000] "GET /help HTTP/1.1" 200 29444 "" "curl/7.56.1"
172.17.0.1 - - [03/Apr/2018:02:08:56 +0000] "GET /samuel/jenkins-jest/settings/integrations HTTP/1.1" 200 9723 "http://localhost:10080/samuel/jenkins-jest/blob/master/Jenkinsfile" "Mozilla/5.0 (Macintosh; Intel Mac OS X 10_13_2) AppleWebKit/604.4.7 (KHTML, like Gecko) Version/11.0.2 Safari/604.4.7"
127.0.0.1 - - [03/Apr/2018:02:09:28 +0000] "GET /help HTTP/1.1" 200 29444 "" "curl/7.56.1"
172.17.0.1 - - [03/Apr/2018:02:09:32 +0000] "GET /samuel HTTP/1.1" 200 5912 "http://localhost:10080/samuel/jenkins-jest/settings/integrations" "Mozilla/5.0 (Macintosh; Intel Mac OS X 10_13_2) AppleWebKit/604.4.7 (KHTML, like Gecko) Version/11.0.2 Safari/604.4.7"
172.17.0.1 - - [03/Apr/2018:02:09:32 +0000] "GET /assets/webpack/common_d3.b4197edc2ba75db756fe.bundle.js HTTP/1.1" 200 53442 "http://localhost:10080/samuel" "Mozilla/5.0 (Macintosh; Intel Mac OS X 10_13_2) AppleWebKit/604.4.7 (KHTML, like Gecko) Version/11.0.2 Safari/604.4.7"
172.17.0.1 - - [03/Apr/2018:02:09:33 +0000] "GET /users/samuel/calendar.json HTTP/1.1" 200 16 "http://localhost:10080/samuel" "Mozilla/5.0 (Macintosh; Intel Mac OS X 10_13_2) AppleWebKit/604.4.7 (KHTML, like Gecko) Version/11.0.2 Safari/604.4.7"
172.17.0.1 - - [03/Apr/2018:02:09:33 +0000] "GET /samuel?limit=20&offset=0 HTTP/1.1" 200 616 "http://localhost:10080/samuel" "Mozilla/5.0 (Macintosh; Intel Mac OS X 10_13_2) AppleWebKit/604.4.7 (KHTML, like Gecko) Version/11.0.2 Safari/604.4.7"
172.17.0.1 - - [03/Apr/2018:02:09:33 +0000] "GET /samuel?limit=20&offset=2 HTTP/1.1" 200 54 "http://localhost:10080/samuel" "Mozilla/5.0 (Macintosh; Intel Mac OS X 10_13_2) AppleWebKit/604.4.7 (KHTML, like Gecko) Version/11.0.2 Safari/604.4.7"
172.17.0.1 - - [03/Apr/2018:02:09:38 +0000] "GET /profile HTTP/1.1" 200 7996 "http://localhost:10080/samuel" "Mozilla/5.0 (Macintosh; Intel Mac OS X 10_13_2) AppleWebKit/604.4.7 (KHTML, like Gecko) Version/11.0.2 Safari/604.4.7"
172.17.0.1 - - [03/Apr/2018:02:09:43 +0000] "GET /profile/personal_access_tokens HTTP/1.1" 200 7309 "http://localhost:10080/profile" "Mozilla/5.0 (Macintosh; Intel Mac OS X 10_13_2) AppleWebKit/604.4.7 (KHTML, like Gecko) Version/11.0.2 Safari/604.4.7"
172.17.0.1 - - [03/Apr/2018:02:09:55 +0000] "POST /profile/personal_access_tokens HTTP/1.1" 302 119 "http://localhost:10080/profile/personal_access_tokens" "Mozilla/5.0 (Macintosh; Intel Mac OS X 10_13_2) AppleWebKit/604.4.7 (KHTML, like Gecko) Version/11.0.2 Safari/604.4.7"
172.17.0.1 - - [03/Apr/2018:02:09:55 +0000] "GET /profile/personal_access_tokens HTTP/1.1" 200 7784 "http://localhost:10080/profile/personal_access_tokens" "Mozilla/5.0 (Macintosh; Intel Mac OS X 10_13_2) AppleWebKit/604.4.7 (KHTML, like Gecko) Version/11.0.2 Safari/604.4.7"
127.0.0.1 - - [03/Apr/2018:02:10:29 +0000] "GET /help HTTP/1.1" 200 29444 "" "curl/7.56.1"
127.0.0.1 - - [03/Apr/2018:02:11:29 +0000] "GET /help HTTP/1.1" 200 29444 "" "curl/7.56.1"
127.0.0.1 - - [03/Apr/2018:02:12:30 +0000] "GET /help HTTP/1.1" 200 29444 "" "curl/7.56.1"
127.0.0.1 - - [03/Apr/2018:02:13:30 +0000] "GET /help HTTP/1.1" 200 29444 "" "curl/7.56.1"
127.0.0.1 - - [03/Apr/2018:02:14:30 +0000] "GET /help HTTP/1.1" 200 29444 "" "curl/7.56.1"
127.0.0.1 - - [03/Apr/2018:02:15:30 +0000] "GET /help HTTP/1.1" 200 29444 "" "curl/7.56.1"
127.0.0.1 - - [03/Apr/2018:02:16:31 +0000] "GET /help HTTP/1.1" 200 29444 "" "curl/7.56.1"
127.0.0.1 - - [03/Apr/2018:02:17:31 +0000] "GET /help HTTP/1.1" 200 29444 "" "curl/7.56.1"
127.0.0.1 - - [03/Apr/2018:02:18:32 +0000] "GET /help HTTP/1.1" 200 29444 "" "curl/7.56.1"
127.0.0.1 - - [03/Apr/2018:02:19:32 +0000] "GET /help HTTP/1.1" 200 29444 "" "curl/7.56.1"
127.0.0.1 - - [03/Apr/2018:02:20:33 +0000] "GET /help HTTP/1.1" 200 29444 "" "curl/7.56.1"
127.0.0.1 - - [03/Apr/2018:02:21:33 +0000] "GET /help HTTP/1.1" 200 29444 "" "curl/7.56.1"
127.0.0.1 - - [03/Apr/2018:02:22:35 +0000] "GET /help HTTP/1.1" 200 29444 "" "curl/7.56.1"
127.0.0.1 - - [03/Apr/2018:02:23:36 +0000] "GET /help HTTP/1.1" 200 29444 "" "curl/7.56.1"
127.0.0.1 - - [03/Apr/2018:02:24:37 +0000] "GET /help HTTP/1.1" 200 29444 "" "curl/7.56.1"
127.0.0.1 - - [03/Apr/2018:02:25:38 +0000] "GET /help HTTP/1.1" 200 29444 "" "curl/7.56.1"
127.0.0.1 - - [03/Apr/2018:02:26:38 +0000] "GET /help HTTP/1.1" 200 29444 "" "curl/7.56.1"
127.0.0.1 - - [03/Apr/2018:02:27:39 +0000] "GET /help HTTP/1.1" 200 29444 "" "curl/7.56.1"
127.0.0.1 - - [03/Apr/2018:02:28:40 +0000] "GET /help HTTP/1.1" 200 29444 "" "curl/7.56.1"
127.0.0.1 - - [03/Apr/2018:02:29:40 +0000] "GET /help HTTP/1.1" 200 29444 "" "curl/7.56.1"
127.0.0.1 - - [03/Apr/2018:02:30:41 +0000] "GET /help HTTP/1.1" 200 29444 "" "curl/7.56.1"
127.0.0.1 - - [03/Apr/2018:02:31:41 +0000] "GET /help HTTP/1.1" 200 29413 "" "curl/7.56.1"
127.0.0.1 - - [03/Apr/2018:02:32:42 +0000] "GET /help HTTP/1.1" 200 29444 "" "curl/7.56.1"
127.0.0.1 - - [03/Apr/2018:02:33:42 +0000] "GET /help HTTP/1.1" 200 29444 "" "curl/7.56.1"
127.0.0.1 - - [03/Apr/2018:02:34:43 +0000] "GET /help HTTP/1.1" 200 29444 "" "curl/7.56.1"
127.0.0.1 - - [03/Apr/2018:02:35:43 +0000] "GET /help HTTP/1.1" 200 29444 "" "curl/7.56.1"
127.0.0.1 - - [03/Apr/2018:02:36:44 +0000] "GET /help HTTP/1.1" 200 29443 "" "curl/7.56.1"
127.0.0.1 - - [03/Apr/2018:02:37:45 +0000] "GET /help HTTP/1.1" 200 29444 "" "curl/7.56.1"
127.0.0.1 - - [03/Apr/2018:02:38:45 +0000] "GET /help HTTP/1.1" 200 29444 "" "curl/7.56.1"
127.0.0.1 - - [03/Apr/2018:02:39:47 +0000] "GET /help HTTP/1.1" 200 29444 "" "curl/7.56.1"
127.0.0.1 - - [03/Apr/2018:02:40:48 +0000] "GET /help HTTP/1.1" 200 29444 "" "curl/7.56.1"
127.0.0.1 - - [03/Apr/2018:02:41:49 +0000] "GET /help HTTP/1.1" 200 29444 "" "curl/7.56.1"
127.0.0.1 - - [03/Apr/2018:02:42:49 +0000] "GET /help HTTP/1.1" 200 29444 "" "curl/7.56.1"
127.0.0.1 - - [03/Apr/2018:02:43:49 +0000] "GET /help HTTP/1.1" 200 29413 "" "curl/7.56.1"
127.0.0.1 - - [03/Apr/2018:02:44:50 +0000] "GET /help HTTP/1.1" 200 29444 "" "curl/7.56.1"
127.0.0.1 - - [03/Apr/2018:02:45:50 +0000] "GET /help HTTP/1.1" 200 29444 "" "curl/7.56.1"
127.0.0.1 - - [03/Apr/2018:02:46:50 +0000] "GET /help HTTP/1.1" 200 29444 "" "curl/7.56.1"
127.0.0.1 - - [03/Apr/2018:02:47:50 +0000] "GET /help HTTP/1.1" 200 29444 "" "curl/7.56.1"
172.17.0.1 - - [03/Apr/2018:02:47:57 +0000] "GET / HTTP/1.1" 200 6200 "http://localhost:10080/profile/personal_access_tokens" "Mozilla/5.0 (Macintosh; Intel Mac OS X 10_13_2) AppleWebKit/604.4.7 (KHTML, like Gecko) Version/11.0.2 Safari/604.4.7"
172.17.0.1 - - [03/Apr/2018:02:48:01 +0000] "GET /samuel/jenkins-jest HTTP/1.1" 200 26018 "http://localhost:10080/" "Mozilla/5.0 (Macintosh; Intel Mac OS X 10_13_2) AppleWebKit/604.4.7 (KHTML, like Gecko) Version/11.0.2 Safari/604.4.7"
172.17.0.1 - - [03/Apr/2018:02:48:02 +0000] "GET /samuel/jenkins-jest/refs/master/logs_tree/?_=1522723675569 HTTP/1.1" 200 650 "http://localhost:10080/samuel/jenkins-jest" "Mozilla/5.0 (Macintosh; Intel Mac OS X 10_13_2) AppleWebKit/604.4.7 (KHTML, like Gecko) Version/11.0.2 Safari/604.4.7"
172.17.0.1 - - [03/Apr/2018:02:48:05 +0000] "GET /samuel/jenkins-jest/blob/master/README.md?format=json&viewer=rich HTTP/1.1" 499 0 "http://localhost:10080/samuel/jenkins-jest" "Mozilla/5.0 (Macintosh; Intel Mac OS X 10_13_2) AppleWebKit/604.4.7 (KHTML, like Gecko) Version/11.0.2 Safari/604.4.7"
172.17.0.1 - - [03/Apr/2018:02:48:06 +0000] "GET /samuel/jenkins-jest/settings/integrations HTTP/1.1" 200 9729 "http://localhost:10080/samuel/jenkins-jest" "Mozilla/5.0 (Macintosh; Intel Mac OS X 10_13_2) AppleWebKit/604.4.7 (KHTML, like Gecko) Version/11.0.2 Safari/604.4.7"
172.17.0.1 - - [03/Apr/2018:02:48:31 +0000] "POST /samuel/jenkins-jest/hooks HTTP/1.1" 302 130 "http://localhost:10080/samuel/jenkins-jest/settings/integrations" "Mozilla/5.0 (Macintosh; Intel Mac OS X 10_13_2) AppleWebKit/604.4.7 (KHTML, like Gecko) Version/11.0.2 Safari/604.4.7"
172.17.0.1 - - [03/Apr/2018:02:48:31 +0000] "GET /samuel/jenkins-jest/settings/integrations HTTP/1.1" 200 10132 "http://localhost:10080/samuel/jenkins-jest/settings/integrations" "Mozilla/5.0 (Macintosh; Intel Mac OS X 10_13_2) AppleWebKit/604.4.7 (KHTML, like Gecko) Version/11.0.2 Safari/604.4.7"
172.17.0.1 - - [03/Apr/2018:02:48:35 +0000] "GET /samuel/jenkins-jest/hooks/2/test?trigger=push_events HTTP/1.1" 302 130 "http://localhost:10080/samuel/jenkins-jest/settings/integrations" "Mozilla/5.0 (Macintosh; Intel Mac OS X 10_13_2) AppleWebKit/604.4.7 (KHTML, like Gecko) Version/11.0.2 Safari/604.4.7"
172.17.0.1 - - [03/Apr/2018:02:48:36 +0000] "GET /samuel/jenkins-jest/settings/integrations HTTP/1.1" 200 10207 "http://localhost:10080/samuel/jenkins-jest/settings/integrations" "Mozilla/5.0 (Macintosh; Intel Mac OS X 10_13_2) AppleWebKit/604.4.7 (KHTML, like Gecko) Version/11.0.2 Safari/604.4.7"
172.17.0.1 - - [03/Apr/2018:02:48:43 +0000] "GET /samuel/jenkins-jest/hooks/2/edit HTTP/1.1" 200 8865 "http://localhost:10080/samuel/jenkins-jest/settings/integrations" "Mozilla/5.0 (Macintosh; Intel Mac OS X 10_13_2) AppleWebKit/604.4.7 (KHTML, like Gecko) Version/11.0.2 Safari/604.4.7"
172.17.0.1 - - [03/Apr/2018:02:48:50 +0000] "GET /samuel/jenkins-jest/hooks/2/test?trigger=push_events HTTP/1.1" 302 121 "http://localhost:10080/samuel/jenkins-jest/hooks/2/edit" "Mozilla/5.0 (Macintosh; Intel Mac OS X 10_13_2) AppleWebKit/604.4.7 (KHTML, like Gecko) Version/11.0.2 Safari/604.4.7"
172.17.0.1 - - [03/Apr/2018:02:48:51 +0000] "GET /samuel/jenkins-jest/hooks/2/edit HTTP/1.1" 200 8982 "http://localhost:10080/samuel/jenkins-jest/hooks/2/edit" "Mozilla/5.0 (Macintosh; Intel Mac OS X 10_13_2) AppleWebKit/604.4.7 (KHTML, like Gecko) Version/11.0.2 Safari/604.4.7"
127.0.0.1 - - [03/Apr/2018:02:48:51 +0000] "GET /help HTTP/1.1" 200 29413 "" "curl/7.56.1"
172.17.0.1 - - [03/Apr/2018:02:49:00 +0000] "POST /samuel/jenkins-jest/hooks/2 HTTP/1.1" 302 130 "http://localhost:10080/samuel/jenkins-jest/hooks/2/edit" "Mozilla/5.0 (Macintosh; Intel Mac OS X 10_13_2) AppleWebKit/604.4.7 (KHTML, like Gecko) Version/11.0.2 Safari/604.4.7"
172.17.0.1 - - [03/Apr/2018:02:49:01 +0000] "GET /samuel/jenkins-jest/settings/integrations HTTP/1.1" 200 10157 "http://localhost:10080/samuel/jenkins-jest/hooks/2/edit" "Mozilla/5.0 (Macintosh; Intel Mac OS X 10_13_2) AppleWebKit/604.4.7 (KHTML, like Gecko) Version/11.0.2 Safari/604.4.7"
172.17.0.1 - - [03/Apr/2018:02:49:05 +0000] "GET /samuel/jenkins-jest/hooks/2/test?trigger=push_events HTTP/1.1" 302 130 "http://localhost:10080/samuel/jenkins-jest/settings/integrations" "Mozilla/5.0 (Macintosh; Intel Mac OS X 10_13_2) AppleWebKit/604.4.7 (KHTML, like Gecko) Version/11.0.2 Safari/604.4.7"
172.17.0.1 - - [03/Apr/2018:02:49:06 +0000] "GET /samuel/jenkins-jest/settings/integrations HTTP/1.1" 200 11769 "http://localhost:10080/samuel/jenkins-jest/settings/integrations" "Mozilla/5.0 (Macintosh; Intel Mac OS X 10_13_2) AppleWebKit/604.4.7 (KHTML, like Gecko) Version/11.0.2 Safari/604.4.7"
172.17.0.1 - - [03/Apr/2018:02:49:30 +0000] "GET /samuel/jenkins-jest/hooks/2/edit HTTP/1.1" 499 0 "http://localhost:10080/samuel/jenkins-jest/settings/integrations" "Mozilla/5.0 (Macintosh; Intel Mac OS X 10_13_2) AppleWebKit/604.4.7 (KHTML, like Gecko) Version/11.0.2 Safari/604.4.7"
172.17.0.1 - - [03/Apr/2018:02:49:30 +0000] "GET /samuel/jenkins-jest/hooks/2/edit HTTP/1.1" 499 0 "http://localhost:10080/samuel/jenkins-jest/settings/integrations" "Mozilla/5.0 (Macintosh; Intel Mac OS X 10_13_2) AppleWebKit/604.4.7 (KHTML, like Gecko) Version/11.0.2 Safari/604.4.7"
172.17.0.1 - - [03/Apr/2018:02:49:30 +0000] "GET /samuel/jenkins-jest/hooks/2/edit HTTP/1.1" 200 8927 "http://localhost:10080/samuel/jenkins-jest/settings/integrations" "Mozilla/5.0 (Macintosh; Intel Mac OS X 10_13_2) AppleWebKit/604.4.7 (KHTML, like Gecko) Version/11.0.2 Safari/604.4.7"
172.17.0.1 - - [03/Apr/2018:02:49:39 +0000] "POST /samuel/jenkins-jest/hooks/2 HTTP/1.1" 302 130 "http://localhost:10080/samuel/jenkins-jest/hooks/2/edit" "Mozilla/5.0 (Macintosh; Intel Mac OS X 10_13_2) AppleWebKit/604.4.7 (KHTML, like Gecko) Version/11.0.2 Safari/604.4.7"
172.17.0.1 - - [03/Apr/2018:02:49:39 +0000] "GET /samuel/jenkins-jest/settings/integrations HTTP/1.1" 200 10161 "http://localhost:10080/samuel/jenkins-jest/hooks/2/edit" "Mozilla/5.0 (Macintosh; Intel Mac OS X 10_13_2) AppleWebKit/604.4.7 (KHTML, like Gecko) Version/11.0.2 Safari/604.4.7"
172.17.0.1 - - [03/Apr/2018:02:49:43 +0000] "GET /samuel/jenkins-jest/hooks/2/test?trigger=push_events HTTP/1.1" 302 130 "http://localhost:10080/samuel/jenkins-jest/settings/integrations" "Mozilla/5.0 (Macintosh; Intel Mac OS X 10_13_2) AppleWebKit/604.4.7 (KHTML, like Gecko) Version/11.0.2 Safari/604.4.7"
172.17.0.1 - - [03/Apr/2018:02:49:44 +0000] "GET /samuel/jenkins-jest/settings/integrations HTTP/1.1" 200 10207 "http://localhost:10080/samuel/jenkins-jest/settings/integrations" "Mozilla/5.0 (Macintosh; Intel Mac OS X 10_13_2) AppleWebKit/604.4.7 (KHTML, like Gecko) Version/11.0.2 Safari/604.4.7"
127.0.0.1 - - [03/Apr/2018:02:49:51 +0000] "GET /help HTTP/1.1" 200 29444 "" "curl/7.56.1"
172.17.0.1 - - [03/Apr/2018:02:50:30 +0000] "GET /samuel/jenkins-jest/hooks/2/edit HTTP/1.1" 200 8956 "http://localhost:10080/samuel/jenkins-jest/settings/integrations" "Mozilla/5.0 (Macintosh; Intel Mac OS X 10_13_2) AppleWebKit/604.4.7 (KHTML, like Gecko) Version/11.0.2 Safari/604.4.7"
172.17.0.1 - - [03/Apr/2018:02:50:44 +0000] "POST /samuel/jenkins-jest/hooks/2 HTTP/1.1" 302 130 "http://localhost:10080/samuel/jenkins-jest/hooks/2/edit" "Mozilla/5.0 (Macintosh; Intel Mac OS X 10_13_2) AppleWebKit/604.4.7 (KHTML, like Gecko) Version/11.0.2 Safari/604.4.7"
172.17.0.1 - - [03/Apr/2018:02:50:45 +0000] "GET /samuel/jenkins-jest/settings/integrations HTTP/1.1" 200 10155 "http://localhost:10080/samuel/jenkins-jest/hooks/2/edit" "Mozilla/5.0 (Macintosh; Intel Mac OS X 10_13_2) AppleWebKit/604.4.7 (KHTML, like Gecko) Version/11.0.2 Safari/604.4.7"
172.17.0.1 - - [03/Apr/2018:02:50:48 +0000] "GET /samuel/jenkins-jest/hooks/2/test?trigger=push_events HTTP/1.1" 302 130 "http://localhost:10080/samuel/jenkins-jest/settings/integrations" "Mozilla/5.0 (Macintosh; Intel Mac OS X 10_13_2) AppleWebKit/604.4.7 (KHTML, like Gecko) Version/11.0.2 Safari/604.4.7"
172.17.0.1 - - [03/Apr/2018:02:50:49 +0000] "GET /samuel/jenkins-jest/settings/integrations HTTP/1.1" 200 11765 "http://localhost:10080/samuel/jenkins-jest/settings/integrations" "Mozilla/5.0 (Macintosh; Intel Mac OS X 10_13_2) AppleWebKit/604.4.7 (KHTML, like Gecko) Version/11.0.2 Safari/604.4.7"
127.0.0.1 - - [03/Apr/2018:02:50:52 +0000] "GET /help HTTP/1.1" 200 29444 "" "curl/7.56.1"
172.17.0.1 - - [03/Apr/2018:02:51:02 +0000] "GET /samuel/jenkins-jest/hooks/2/edit HTTP/1.1" 200 8988 "http://localhost:10080/samuel/jenkins-jest/settings/integrations" "Mozilla/5.0 (Macintosh; Intel Mac OS X 10_13_2) AppleWebKit/604.4.7 (KHTML, like Gecko) Version/11.0.2 Safari/604.4.7"
172.17.0.1 - - [03/Apr/2018:02:51:09 +0000] "POST /samuel/jenkins-jest/hooks/2 HTTP/1.1" 302 130 "http://localhost:10080/samuel/jenkins-jest/hooks/2/edit" "Mozilla/5.0 (Macintosh; Intel Mac OS X 10_13_2) AppleWebKit/604.4.7 (KHTML, like Gecko) Version/11.0.2 Safari/604.4.7"
172.17.0.1 - - [03/Apr/2018:02:51:10 +0000] "GET /samuel/jenkins-jest/settings/integrations HTTP/1.1" 200 10157 "http://localhost:10080/samuel/jenkins-jest/hooks/2/edit" "Mozilla/5.0 (Macintosh; Intel Mac OS X 10_13_2) AppleWebKit/604.4.7 (KHTML, like Gecko) Version/11.0.2 Safari/604.4.7"
172.17.0.1 - - [03/Apr/2018:02:51:14 +0000] "GET /samuel/jenkins-jest/hooks/2/test?trigger=push_events HTTP/1.1" 302 130 "http://localhost:10080/samuel/jenkins-jest/settings/integrations" "Mozilla/5.0 (Macintosh; Intel Mac OS X 10_13_2) AppleWebKit/604.4.7 (KHTML, like Gecko) Version/11.0.2 Safari/604.4.7"
172.17.0.1 - - [03/Apr/2018:02:51:14 +0000] "GET /samuel/jenkins-jest/settings/integrations HTTP/1.1" 200 11762 "http://localhost:10080/samuel/jenkins-jest/settings/integrations" "Mozilla/5.0 (Macintosh; Intel Mac OS X 10_13_2) AppleWebKit/604.4.7 (KHTML, like Gecko) Version/11.0.2 Safari/604.4.7"
127.0.0.1 - - [03/Apr/2018:02:51:52 +0000] "GET /help HTTP/1.1" 200 29444 "" "curl/7.56.1"
172.17.0.1 - - [03/Apr/2018:02:52:04 +0000] "GET /samuel/jenkins-jest/hooks/2/edit HTTP/1.1" 200 9006 "http://localhost:10080/samuel/jenkins-jest/settings/integrations" "Mozilla/5.0 (Macintosh; Intel Mac OS X 10_13_2) AppleWebKit/604.4.7 (KHTML, like Gecko) Version/11.0.2 Safari/604.4.7"
127.0.0.1 - - [03/Apr/2018:02:52:53 +0000] "GET /help HTTP/1.1" 200 29444 "" "curl/7.56.1"
172.17.0.1 - - [03/Apr/2018:02:52:57 +0000] "POST /samuel/jenkins-jest/hooks/2 HTTP/1.1" 302 130 "http://localhost:10080/samuel/jenkins-jest/hooks/2/edit" "Mozilla/5.0 (Macintosh; Intel Mac OS X 10_13_2) AppleWebKit/604.4.7 (KHTML, like Gecko) Version/11.0.2 Safari/604.4.7"
172.17.0.1 - - [03/Apr/2018:02:52:57 +0000] "GET /samuel/jenkins-jest/settings/integrations HTTP/1.1" 200 10158 "http://localhost:10080/samuel/jenkins-jest/hooks/2/edit" "Mozilla/5.0 (Macintosh; Intel Mac OS X 10_13_2) AppleWebKit/604.4.7 (KHTML, like Gecko) Version/11.0.2 Safari/604.4.7"
172.17.0.1 - - [03/Apr/2018:02:53:01 +0000] "GET /samuel/jenkins-jest/hooks/2/edit HTTP/1.1" 200 9005 "http://localhost:10080/samuel/jenkins-jest/settings/integrations" "Mozilla/5.0 (Macintosh; Intel Mac OS X 10_13_2) AppleWebKit/604.4.7 (KHTML, like Gecko) Version/11.0.2 Safari/604.4.7"
172.17.0.1 - - [03/Apr/2018:02:53:10 +0000] "POST /samuel/jenkins-jest/hooks/2 HTTP/1.1" 302 130 "http://localhost:10080/samuel/jenkins-jest/hooks/2/edit" "Mozilla/5.0 (Macintosh; Intel Mac OS X 10_13_2) AppleWebKit/604.4.7 (KHTML, like Gecko) Version/11.0.2 Safari/604.4.7"
172.17.0.1 - - [03/Apr/2018:02:53:10 +0000] "GET /samuel/jenkins-jest/settings/integrations HTTP/1.1" 200 10158 "http://localhost:10080/samuel/jenkins-jest/hooks/2/edit" "Mozilla/5.0 (Macintosh; Intel Mac OS X 10_13_2) AppleWebKit/604.4.7 (KHTML, like Gecko) Version/11.0.2 Safari/604.4.7"
172.17.0.1 - - [03/Apr/2018:02:53:14 +0000] "GET /samuel/jenkins-jest/hooks/2/test?trigger=push_events HTTP/1.1" 302 130 "http://localhost:10080/samuel/jenkins-jest/settings/integrations" "Mozilla/5.0 (Macintosh; Intel Mac OS X 10_13_2) AppleWebKit/604.4.7 (KHTML, like Gecko) Version/11.0.2 Safari/604.4.7"
172.17.0.1 - - [03/Apr/2018:02:53:15 +0000] "GET /samuel/jenkins-jest/settings/integrations HTTP/1.1" 200 11760 "http://localhost:10080/samuel/jenkins-jest/settings/integrations" "Mozilla/5.0 (Macintosh; Intel Mac OS X 10_13_2) AppleWebKit/604.4.7 (KHTML, like Gecko) Version/11.0.2 Safari/604.4.7"
172.17.0.1 - - [03/Apr/2018:02:53:39 +0000] "GET /samuel/jenkins-jest/hooks/2/test?trigger=push_events HTTP/1.1" 302 130 "http://localhost:10080/samuel/jenkins-jest/settings/integrations" "Mozilla/5.0 (Macintosh; Intel Mac OS X 10_13_2) AppleWebKit/604.4.7 (KHTML, like Gecko) Version/11.0.2 Safari/604.4.7"
172.17.0.1 - - [03/Apr/2018:02:53:40 +0000] "GET /samuel/jenkins-jest/settings/integrations HTTP/1.1" 200 11761 "http://localhost:10080/samuel/jenkins-jest/settings/integrations" "Mozilla/5.0 (Macintosh; Intel Mac OS X 10_13_2) AppleWebKit/604.4.7 (KHTML, like Gecko) Version/11.0.2 Safari/604.4.7"
172.17.0.1 - - [03/Apr/2018:02:53:50 +0000] "GET /samuel/jenkins-jest/hooks/2/edit HTTP/1.1" 200 9038 "http://localhost:10080/samuel/jenkins-jest/settings/integrations" "Mozilla/5.0 (Macintosh; Intel Mac OS X 10_13_2) AppleWebKit/604.4.7 (KHTML, like Gecko) Version/11.0.2 Safari/604.4.7"
127.0.0.1 - - [03/Apr/2018:02:53:54 +0000] "GET /help HTTP/1.1" 200 29444 "" "curl/7.56.1"
172.17.0.1 - - [03/Apr/2018:02:53:54 +0000] "GET /samuel/jenkins-jest/hooks/2/hook_logs/15 HTTP/1.1" 200 9920 "http://localhost:10080/samuel/jenkins-jest/hooks/2/edit" "Mozilla/5.0 (Macintosh; Intel Mac OS X 10_13_2) AppleWebKit/604.4.7 (KHTML, like Gecko) Version/11.0.2 Safari/604.4.7"
127.0.0.1 - - [03/Apr/2018:02:54:54 +0000] "GET /help HTTP/1.1" 200 29444 "" "curl/7.56.1"
127.0.0.1 - - [03/Apr/2018:02:55:55 +0000] "GET /help HTTP/1.1" 200 29444 "" "curl/7.56.1"
127.0.0.1 - - [03/Apr/2018:02:56:55 +0000] "GET /help HTTP/1.1" 200 29444 "" "curl/7.56.1"
127.0.0.1 - - [03/Apr/2018:02:57:55 +0000] "GET /help HTTP/1.1" 200 29444 "" "curl/7.56.1"
127.0.0.1 - - [03/Apr/2018:02:58:56 +0000] "GET /help HTTP/1.1" 200 29444 "" "curl/7.56.1"
127.0.0.1 - - [03/Apr/2018:02:59:56 +0000] "GET /help HTTP/1.1" 200 29444 "" "curl/7.56.1"
172.17.0.1 - - [03/Apr/2018:03:00:52 +0000] "GET /samuel/jenkins-jest/settings/integrations HTTP/1.1" 200 10125 "http://localhost:10080/samuel/jenkins-jest/hooks/2/hook_logs/15" "Mozilla/5.0 (Macintosh; Intel Mac OS X 10_13_2) AppleWebKit/604.4.7 (KHTML, like Gecko) Version/11.0.2 Safari/604.4.7"
172.17.0.1 - - [03/Apr/2018:03:00:55 +0000] "GET /samuel/jenkins-jest/hooks/2/edit HTTP/1.1" 200 9047 "http://localhost:10080/samuel/jenkins-jest/settings/integrations" "Mozilla/5.0 (Macintosh; Intel Mac OS X 10_13_2) AppleWebKit/604.4.7 (KHTML, like Gecko) Version/11.0.2 Safari/604.4.7"
127.0.0.1 - - [03/Apr/2018:03:00:57 +0000] "GET /help HTTP/1.1" 200 29444 "" "curl/7.56.1"
172.17.0.1 - - [03/Apr/2018:03:01:02 +0000] "POST /samuel/jenkins-jest/hooks/2 HTTP/1.1" 302 130 "http://localhost:10080/samuel/jenkins-jest/hooks/2/edit" "Mozilla/5.0 (Macintosh; Intel Mac OS X 10_13_2) AppleWebKit/604.4.7 (KHTML, like Gecko) Version/11.0.2 Safari/604.4.7"
172.17.0.1 - - [03/Apr/2018:03:01:03 +0000] "GET /samuel/jenkins-jest/settings/integrations HTTP/1.1" 200 10163 "http://localhost:10080/samuel/jenkins-jest/hooks/2/edit" "Mozilla/5.0 (Macintosh; Intel Mac OS X 10_13_2) AppleWebKit/604.4.7 (KHTML, like Gecko) Version/11.0.2 Safari/604.4.7"
172.17.0.1 - - [03/Apr/2018:03:01:07 +0000] "GET /samuel/jenkins-jest/hooks/2/test?trigger=push_events HTTP/1.1" 302 130 "http://localhost:10080/samuel/jenkins-jest/settings/integrations" "Mozilla/5.0 (Macintosh; Intel Mac OS X 10_13_2) AppleWebKit/604.4.7 (KHTML, like Gecko) Version/11.0.2 Safari/604.4.7"
172.17.0.1 - - [03/Apr/2018:03:01:07 +0000] "GET /samuel/jenkins-jest/settings/integrations HTTP/1.1" 200 10203 "http://localhost:10080/samuel/jenkins-jest/settings/integrations" "Mozilla/5.0 (Macintosh; Intel Mac OS X 10_13_2) AppleWebKit/604.4.7 (KHTML, like Gecko) Version/11.0.2 Safari/604.4.7"
172.17.0.1 - - [03/Apr/2018:03:01:24 +0000] "GET /samuel/jenkins-jest/hooks/2/edit HTTP/1.1" 200 9078 "http://localhost:10080/samuel/jenkins-jest/settings/integrations" "Mozilla/5.0 (Macintosh; Intel Mac OS X 10_13_2) AppleWebKit/604.4.7 (KHTML, like Gecko) Version/11.0.2 Safari/604.4.7"
172.17.0.1 - - [03/Apr/2018:03:01:35 +0000] "POST /samuel/jenkins-jest/hooks/2 HTTP/1.1" 302 130 "http://localhost:10080/samuel/jenkins-jest/hooks/2/edit" "Mozilla/5.0 (Macintosh; Intel Mac OS X 10_13_2) AppleWebKit/604.4.7 (KHTML, like Gecko) Version/11.0.2 Safari/604.4.7"
172.17.0.1 - - [03/Apr/2018:03:01:36 +0000] "GET /samuel/jenkins-jest/settings/integrations HTTP/1.1" 200 10153 "http://localhost:10080/samuel/jenkins-jest/hooks/2/edit" "Mozilla/5.0 (Macintosh; Intel Mac OS X 10_13_2) AppleWebKit/604.4.7 (KHTML, like Gecko) Version/11.0.2 Safari/604.4.7"
172.17.0.1 - - [03/Apr/2018:03:01:39 +0000] "GET /samuel/jenkins-jest/hooks/2/test?trigger=push_events HTTP/1.1" 302 130 "http://localhost:10080/samuel/jenkins-jest/settings/integrations" "Mozilla/5.0 (Macintosh; Intel Mac OS X 10_13_2) AppleWebKit/604.4.7 (KHTML, like Gecko) Version/11.0.2 Safari/604.4.7"
172.17.0.1 - - [03/Apr/2018:03:01:40 +0000] "GET /samuel/jenkins-jest/settings/integrations HTTP/1.1" 200 11768 "http://localhost:10080/samuel/jenkins-jest/settings/integrations" "Mozilla/5.0 (Macintosh; Intel Mac OS X 10_13_2) AppleWebKit/604.4.7 (KHTML, like Gecko) Version/11.0.2 Safari/604.4.7"
127.0.0.1 - - [03/Apr/2018:03:01:58 +0000] "GET /help HTTP/1.1" 200 29444 "" "curl/7.56.1"
127.0.0.1 - - [03/Apr/2018:03:02:58 +0000] "GET /help HTTP/1.1" 200 29444 "" "curl/7.56.1"
127.0.0.1 - - [03/Apr/2018:03:03:59 +0000] "GET /help HTTP/1.1" 200 29444 "" "curl/7.56.1"
127.0.0.1 - - [03/Apr/2018:03:05:01 +0000] "GET /help HTTP/1.1" 200 29413 "" "curl/7.56.1"
172.17.0.1 - - [03/Apr/2018:03:05:12 +0000] "GET /samuel/jenkins-jest/hooks/2/edit HTTP/1.1" 200 9073 "http://localhost:10080/samuel/jenkins-jest/settings/integrations" "Mozilla/5.0 (Macintosh; Intel Mac OS X 10_13_2) AppleWebKit/604.4.7 (KHTML, like Gecko) Version/11.0.2 Safari/604.4.7"
172.17.0.1 - - [03/Apr/2018:03:05:30 +0000] "POST /samuel/jenkins-jest/hooks/2 HTTP/1.1" 302 130 "http://localhost:10080/samuel/jenkins-jest/hooks/2/edit" "Mozilla/5.0 (Macintosh; Intel Mac OS X 10_13_2) AppleWebKit/604.4.7 (KHTML, like Gecko) Version/11.0.2 Safari/604.4.7"
172.17.0.1 - - [03/Apr/2018:03:05:31 +0000] "GET /samuel/jenkins-jest/settings/integrations HTTP/1.1" 200 10156 "http://localhost:10080/samuel/jenkins-jest/hooks/2/edit" "Mozilla/5.0 (Macintosh; Intel Mac OS X 10_13_2) AppleWebKit/604.4.7 (KHTML, like Gecko) Version/11.0.2 Safari/604.4.7"
172.17.0.1 - - [03/Apr/2018:03:05:34 +0000] "GET /samuel/jenkins-jest/hooks/2/test?trigger=push_events HTTP/1.1" 302 130 "http://localhost:10080/samuel/jenkins-jest/settings/integrations" "Mozilla/5.0 (Macintosh; Intel Mac OS X 10_13_2) AppleWebKit/604.4.7 (KHTML, like Gecko) Version/11.0.2 Safari/604.4.7"
172.17.0.1 - - [03/Apr/2018:03:05:34 +0000] "GET /samuel/jenkins-jest/settings/integrations HTTP/1.1" 200 11760 "http://localhost:10080/samuel/jenkins-jest/settings/integrations" "Mozilla/5.0 (Macintosh; Intel Mac OS X 10_13_2) AppleWebKit/604.4.7 (KHTML, like Gecko) Version/11.0.2 Safari/604.4.7"
127.0.0.1 - - [03/Apr/2018:03:06:02 +0000] "GET /help HTTP/1.1" 200 29444 "" "curl/7.56.1"
172.17.0.1 - - [03/Apr/2018:03:06:23 +0000] "GET /samuel/jenkins-jest/hooks/2/edit HTTP/1.1" 200 9108 "http://localhost:10080/samuel/jenkins-jest/settings/integrations" "Mozilla/5.0 (Macintosh; Intel Mac OS X 10_13_2) AppleWebKit/604.4.7 (KHTML, like Gecko) Version/11.0.2 Safari/604.4.7"
172.17.0.1 - - [03/Apr/2018:03:06:53 +0000] "GET /samuel/jenkins-jest/hooks/2/test?trigger=push_events HTTP/1.1" 302 121 "http://localhost:10080/samuel/jenkins-jest/hooks/2/edit" "Mozilla/5.0 (Macintosh; Intel Mac OS X 10_13_2) AppleWebKit/604.4.7 (KHTML, like Gecko) Version/11.0.2 Safari/604.4.7"
172.17.0.1 - - [03/Apr/2018:03:06:53 +0000] "GET /samuel/jenkins-jest/hooks/2/edit HTTP/1.1" 200 10757 "http://localhost:10080/samuel/jenkins-jest/hooks/2/edit" "Mozilla/5.0 (Macintosh; Intel Mac OS X 10_13_2) AppleWebKit/604.4.7 (KHTML, like Gecko) Version/11.0.2 Safari/604.4.7"
127.0.0.1 - - [03/Apr/2018:03:07:02 +0000] "GET /help HTTP/1.1" 200 29444 "" "curl/7.56.1"
172.17.0.1 - - [03/Apr/2018:03:07:10 +0000] "POST /samuel/jenkins-jest/hooks/2 HTTP/1.1" 302 130 "http://localhost:10080/samuel/jenkins-jest/hooks/2/edit" "Mozilla/5.0 (Macintosh; Intel Mac OS X 10_13_2) AppleWebKit/604.4.7 (KHTML, like Gecko) Version/11.0.2 Safari/604.4.7"
172.17.0.1 - - [03/Apr/2018:03:07:11 +0000] "GET /samuel/jenkins-jest/settings/integrations HTTP/1.1" 200 10158 "http://localhost:10080/samuel/jenkins-jest/hooks/2/edit" "Mozilla/5.0 (Macintosh; Intel Mac OS X 10_13_2) AppleWebKit/604.4.7 (KHTML, like Gecko) Version/11.0.2 Safari/604.4.7"
172.17.0.1 - - [03/Apr/2018:03:07:16 +0000] "GET /samuel/jenkins-jest/hooks/2/test?trigger=push_events HTTP/1.1" 302 130 "http://localhost:10080/samuel/jenkins-jest/settings/integrations" "Mozilla/5.0 (Macintosh; Intel Mac OS X 10_13_2) AppleWebKit/604.4.7 (KHTML, like Gecko) Version/11.0.2 Safari/604.4.7"
172.17.0.1 - - [03/Apr/2018:03:07:17 +0000] "GET /samuel/jenkins-jest/settings/integrations HTTP/1.1" 200 10210 "http://localhost:10080/samuel/jenkins-jest/settings/integrations" "Mozilla/5.0 (Macintosh; Intel Mac OS X 10_13_2) AppleWebKit/604.4.7 (KHTML, like Gecko) Version/11.0.2 Safari/604.4.7"
172.17.0.1 - - [03/Apr/2018:03:07:21 +0000] "GET /samuel/jenkins-jest/hooks/2/edit HTTP/1.1" 200 9155 "http://localhost:10080/samuel/jenkins-jest/settings/integrations" "Mozilla/5.0 (Macintosh; Intel Mac OS X 10_13_2) AppleWebKit/604.4.7 (KHTML, like Gecko) Version/11.0.2 Safari/604.4.7"
172.17.0.1 - - [03/Apr/2018:03:07:35 +0000] "POST /samuel/jenkins-jest/hooks/2 HTTP/1.1" 302 130 "http://localhost:10080/samuel/jenkins-jest/hooks/2/edit" "Mozilla/5.0 (Macintosh; Intel Mac OS X 10_13_2) AppleWebKit/604.4.7 (KHTML, like Gecko) Version/11.0.2 Safari/604.4.7"
172.17.0.1 - - [03/Apr/2018:03:07:35 +0000] "GET /samuel/jenkins-jest/settings/integrations HTTP/1.1" 200 10151 "http://localhost:10080/samuel/jenkins-jest/hooks/2/edit" "Mozilla/5.0 (Macintosh; Intel Mac OS X 10_13_2) AppleWebKit/604.4.7 (KHTML, like Gecko) Version/11.0.2 Safari/604.4.7"
127.0.0.1 - - [03/Apr/2018:03:08:03 +0000] "GET /help HTTP/1.1" 200 29444 "" "curl/7.56.1"
172.17.0.1 - - [03/Apr/2018:03:08:58 +0000] "GET /samuel/jenkins-jest/hooks/2/edit HTTP/1.1" 200 9158 "http://localhost:10080/samuel/jenkins-jest/settings/integrations" "Mozilla/5.0 (Macintosh; Intel Mac OS X 10_13_2) AppleWebKit/604.4.7 (KHTML, like Gecko) Version/11.0.2 Safari/604.4.7"
172.17.0.1 - - [03/Apr/2018:03:09:02 +0000] "POST /samuel/jenkins-jest/hooks/2 HTTP/1.1" 302 130 "http://localhost:10080/samuel/jenkins-jest/hooks/2/edit" "Mozilla/5.0 (Macintosh; Intel Mac OS X 10_13_2) AppleWebKit/604.4.7 (KHTML, like Gecko) Version/11.0.2 Safari/604.4.7"
172.17.0.1 - - [03/Apr/2018:03:09:02 +0000] "GET /samuel/jenkins-jest/settings/integrations HTTP/1.1" 200 10160 "http://localhost:10080/samuel/jenkins-jest/hooks/2/edit" "Mozilla/5.0 (Macintosh; Intel Mac OS X 10_13_2) AppleWebKit/604.4.7 (KHTML, like Gecko) Version/11.0.2 Safari/604.4.7"
127.0.0.1 - - [03/Apr/2018:03:09:05 +0000] "GET /help HTTP/1.1" 200 29444 "" "curl/7.56.1"
172.17.0.1 - - [03/Apr/2018:03:09:06 +0000] "GET /samuel/jenkins-jest/hooks/2/test?trigger=push_events HTTP/1.1" 302 130 "http://localhost:10080/samuel/jenkins-jest/settings/integrations" "Mozilla/5.0 (Macintosh; Intel Mac OS X 10_13_2) AppleWebKit/604.4.7 (KHTML, like Gecko) Version/11.0.2 Safari/604.4.7"
172.17.0.1 - - [03/Apr/2018:03:09:06 +0000] "GET /samuel/jenkins-jest/settings/integrations HTTP/1.1" 200 11768 "http://localhost:10080/samuel/jenkins-jest/settings/integrations" "Mozilla/5.0 (Macintosh; Intel Mac OS X 10_13_2) AppleWebKit/604.4.7 (KHTML, like Gecko) Version/11.0.2 Safari/604.4.7"
127.0.0.1 - - [03/Apr/2018:03:10:05 +0000] "GET /help HTTP/1.1" 200 29444 "" "curl/7.56.1"
127.0.0.1 - - [03/Apr/2018:03:11:07 +0000] "GET /help HTTP/1.1" 200 29444 "" "curl/7.56.1"
127.0.0.1 - - [03/Apr/2018:03:12:08 +0000] "GET /help HTTP/1.1" 200 29444 "" "curl/7.56.1"
172.17.0.1 - - [03/Apr/2018:03:13:01 +0000] "GET /samuel/jenkins-jest/settings/integrations HTTP/1.1" 404 1565 "" "Mozilla/5.0 (Macintosh; Intel Mac OS X 10_13_2) AppleWebKit/604.4.7 (KHTML, like Gecko) Version/11.0.2 Safari/604.4.7"
127.0.0.1 - - [03/Apr/2018:03:13:08 +0000] "GET /help HTTP/1.1" 200 29444 "" "curl/7.56.1"
127.0.0.1 - - [03/Apr/2018:03:14:09 +0000] "GET /help HTTP/1.1" 200 29444 "" "curl/7.56.1"
172.17.0.1 - - [03/Apr/2018:03:14:46 +0000] "GET /samuel/jenkins-jest/hooks/2/test?trigger=push_events HTTP/1.1" 302 130 "http://localhost:10080/samuel/jenkins-jest/settings/integrations" "Mozilla/5.0 (Macintosh; Intel Mac OS X 10_13_2) AppleWebKit/604.4.7 (KHTML, like Gecko) Version/11.0.2 Safari/604.4.7"
172.17.0.1 - - [03/Apr/2018:03:14:47 +0000] "GET /samuel/jenkins-jest/settings/integrations HTTP/1.1" 200 11763 "http://localhost:10080/samuel/jenkins-jest/settings/integrations" "Mozilla/5.0 (Macintosh; Intel Mac OS X 10_13_2) AppleWebKit/604.4.7 (KHTML, like Gecko) Version/11.0.2 Safari/604.4.7"
127.0.0.1 - - [03/Apr/2018:03:15:09 +0000] "GET /help HTTP/1.1" 200 29413 "" "curl/7.56.1"
127.0.0.1 - - [03/Apr/2018:03:16:09 +0000] "GET /help HTTP/1.1" 200 29444 "" "curl/7.56.1"
127.0.0.1 - - [03/Apr/2018:03:17:10 +0000] "GET /help HTTP/1.1" 200 29421 "" "curl/7.56.1"
127.0.0.1 - - [03/Apr/2018:03:18:10 +0000] "GET /help HTTP/1.1" 200 29444 "" "curl/7.56.1"
127.0.0.1 - - [03/Apr/2018:03:19:13 +0000] "GET /help HTTP/1.1" 200 29444 "" "curl/7.56.1"
127.0.0.1 - - [03/Apr/2018:03:20:13 +0000] "GET /help HTTP/1.1" 200 29444 "" "curl/7.56.1"
172.17.0.1 - - [03/Apr/2018:03:20:32 +0000] "GET /profile HTTP/1.1" 200 7984 "http://localhost:10080/samuel/jenkins-jest/settings/integrations" "Mozilla/5.0 (Macintosh; Intel Mac OS X 10_13_2) AppleWebKit/604.4.7 (KHTML, like Gecko) Version/11.0.2 Safari/604.4.7"
172.17.0.1 - - [03/Apr/2018:03:20:35 +0000] "GET /profile/keys HTTP/1.1" 200 7015 "http://localhost:10080/profile" "Mozilla/5.0 (Macintosh; Intel Mac OS X 10_13_2) AppleWebKit/604.4.7 (KHTML, like Gecko) Version/11.0.2 Safari/604.4.7"
172.17.0.1 - - [03/Apr/2018:03:20:36 +0000] "GET /profile/personal_access_tokens HTTP/1.1" 200 7484 "http://localhost:10080/profile/keys" "Mozilla/5.0 (Macintosh; Intel Mac OS X 10_13_2) AppleWebKit/604.4.7 (KHTML, like Gecko) Version/11.0.2 Safari/604.4.7"
127.0.0.1 - - [03/Apr/2018:03:21:14 +0000] "GET /help HTTP/1.1" 200 29444 "" "curl/7.56.1"
127.0.0.1 - - [03/Apr/2018:03:22:15 +0000] "GET /help HTTP/1.1" 200 29444 "" "curl/7.56.1"
127.0.0.1 - - [03/Apr/2018:03:27:42 +0000] "GET /help HTTP/1.1" 502 2916 "" "curl/7.56.1"
127.0.0.1 - - [03/Apr/2018:03:28:54 +0000] "GET /help HTTP/1.1" 200 29389 "" "curl/7.56.1"
172.21.0.1 - - [03/Apr/2018:03:29:30 +0000] "GET / HTTP/1.1" 499 0 "" "Mozilla/5.0 (Macintosh; Intel Mac OS X 10_13_2) AppleWebKit/604.4.7 (KHTML, like Gecko) Version/11.0.2 Safari/604.4.7"
172.21.0.1 - - [03/Apr/2018:03:29:38 +0000] "GET / HTTP/1.1" 200 6187 "" "Mozilla/5.0 (Macintosh; Intel Mac OS X 10_13_2) AppleWebKit/604.4.7 (KHTML, like Gecko) Version/11.0.2 Safari/604.4.7"
172.21.0.1 - - [03/Apr/2018:03:29:40 +0000] "GET /samuel/jenkins-jest/refs/master/logs_tree/?_=1522721046419 HTTP/1.1" 304 0 "http://localhost:10080/samuel/jenkins-jest" "Mozilla/5.0 (Macintosh; Intel Mac OS X 10_13_2) AppleWebKit/604.4.7 (KHTML, like Gecko) Version/11.0.2 Safari/604.4.7"
172.21.0.1 - - [03/Apr/2018:03:29:43 +0000] "GET /samuel/jenkins-jest HTTP/1.1" 200 26007 "http://localhost:10080/" "Mozilla/5.0 (Macintosh; Intel Mac OS X 10_13_2) AppleWebKit/604.4.7 (KHTML, like Gecko) Version/11.0.2 Safari/604.4.7"
172.21.0.1 - - [03/Apr/2018:03:29:44 +0000] "GET /samuel/jenkins-jest/refs/master/logs_tree/?_=1522726176831 HTTP/1.1" 200 650 "http://localhost:10080/samuel/jenkins-jest" "Mozilla/5.0 (Macintosh; Intel Mac OS X 10_13_2) AppleWebKit/604.4.7 (KHTML, like Gecko) Version/11.0.2 Safari/604.4.7"
172.21.0.1 - - [03/Apr/2018:03:29:47 +0000] "GET /samuel/jenkins-jest/blob/master/README.md?format=json&viewer=rich HTTP/1.1" 304 0 "http://localhost:10080/samuel/jenkins-jest" "Mozilla/5.0 (Macintosh; Intel Mac OS X 10_13_2) AppleWebKit/604.4.7 (KHTML, like Gecko) Version/11.0.2 Safari/604.4.7"
172.21.0.1 - - [03/Apr/2018:03:29:50 +0000] "GET /samuel/jenkins-jest/blob/master/README.md?format=json&viewer=rich HTTP/1.1" 304 0 "http://localhost:10080/samuel/jenkins-jest" "Mozilla/5.0 (Macintosh; Intel Mac OS X 10_13_2) AppleWebKit/604.4.7 (KHTML, like Gecko) Version/11.0.2 Safari/604.4.7"
127.0.0.1 - - [03/Apr/2018:03:29:56 +0000] "GET /help HTTP/1.1" 200 29420 "" "curl/7.56.1"
127.0.0.1 - - [03/Apr/2018:03:30:57 +0000] "GET /help HTTP/1.1" 200 29420 "" "curl/7.56.1"
172.21.0.3 - - [03/Apr/2018:03:31:31 +0000] "GET /pedoe/jenkins-jest-test/info/refs?service=git-upload-pack HTTP/1.1" 301 141 "" "git/2.11.0"
172.21.0.3 - - [03/Apr/2018:03:31:31 +0000] "GET /pedoe/jenkins-jest-test.git/info/refs?service=git-upload-pack HTTP/1.1" 200 351 "" "git/2.11.0"
127.0.0.1 - - [03/Apr/2018:03:31:58 +0000] "GET /help HTTP/1.1" 200 29420 "" "curl/7.56.1"
172.21.0.3 - - [03/Apr/2018:03:32:00 +0000] "GET /samuel/jenkins-jest.git/info/refs?service=git-upload-pack HTTP/1.1" 200 351 "" "git/2.11.0"
172.21.0.1 - - [03/Apr/2018:03:32:09 +0000] "GET /samuel/jenkins-jest/settings/integrations HTTP/1.1" 200 10124 "http://localhost:10080/samuel/jenkins-jest" "Mozilla/5.0 (Macintosh; Intel Mac OS X 10_13_2) AppleWebKit/604.4.7 (KHTML, like Gecko) Version/11.0.2 Safari/604.4.7"
172.21.0.1 - - [03/Apr/2018:03:32:13 +0000] "GET /samuel/jenkins-jest/hooks/2/edit HTTP/1.1" 200 9190 "http://localhost:10080/samuel/jenkins-jest/settings/integrations" "Mozilla/5.0 (Macintosh; Intel Mac OS X 10_13_2) AppleWebKit/604.4.7 (KHTML, like Gecko) Version/11.0.2 Safari/604.4.7"
172.21.0.3 - - [03/Apr/2018:03:32:28 +0000] "GET /samuel/jenkins-jest.git/info/refs?service=git-upload-pack HTTP/1.1" 200 351 "" "git/2.11.0"
172.21.0.1 - - [03/Apr/2018:03:32:39 +0000] "POST /samuel/jenkins-jest/hooks/2 HTTP/1.1" 302 130 "http://localhost:10080/samuel/jenkins-jest/hooks/2/edit" "Mozilla/5.0 (Macintosh; Intel Mac OS X 10_13_2) AppleWebKit/604.4.7 (KHTML, like Gecko) Version/11.0.2 Safari/604.4.7"
172.21.0.1 - - [03/Apr/2018:03:32:39 +0000] "GET /samuel/jenkins-jest/settings/integrations HTTP/1.1" 200 10147 "http://localhost:10080/samuel/jenkins-jest/hooks/2/edit" "Mozilla/5.0 (Macintosh; Intel Mac OS X 10_13_2) AppleWebKit/604.4.7 (KHTML, like Gecko) Version/11.0.2 Safari/604.4.7"
172.21.0.1 - - [03/Apr/2018:03:32:42 +0000] "GET /samuel/jenkins-jest/hooks/2/test?trigger=push_events HTTP/1.1" 302 130 "http://localhost:10080/samuel/jenkins-jest/settings/integrations" "Mozilla/5.0 (Macintosh; Intel Mac OS X 10_13_2) AppleWebKit/604.4.7 (KHTML, like Gecko) Version/11.0.2 Safari/604.4.7"
172.21.0.1 - - [03/Apr/2018:03:32:43 +0000] "GET /samuel/jenkins-jest/settings/integrations HTTP/1.1" 200 10210 "http://localhost:10080/samuel/jenkins-jest/settings/integrations" "Mozilla/5.0 (Macintosh; Intel Mac OS X 10_13_2) AppleWebKit/604.4.7 (KHTML, like Gecko) Version/11.0.2 Safari/604.4.7"
172.21.0.1 - - [03/Apr/2018:03:32:54 +0000] "GET /samuel/jenkins-jest/hooks/2/edit HTTP/1.1" 200 9209 "http://localhost:10080/samuel/jenkins-jest/settings/integrations" "Mozilla/5.0 (Macintosh; Intel Mac OS X 10_13_2) AppleWebKit/604.4.7 (KHTML, like Gecko) Version/11.0.2 Safari/604.4.7"
127.0.0.1 - - [03/Apr/2018:03:32:59 +0000] "GET /help HTTP/1.1" 200 29389 "" "curl/7.56.1"
172.21.0.1 - - [03/Apr/2018:03:33:00 +0000] "POST /samuel/jenkins-jest/hooks/2 HTTP/1.1" 302 130 "http://localhost:10080/samuel/jenkins-jest/hooks/2/edit" "Mozilla/5.0 (Macintosh; Intel Mac OS X 10_13_2) AppleWebKit/604.4.7 (KHTML, like Gecko) Version/11.0.2 Safari/604.4.7"
172.21.0.1 - - [03/Apr/2018:03:33:00 +0000] "GET /samuel/jenkins-jest/settings/integrations HTTP/1.1" 200 10154 "http://localhost:10080/samuel/jenkins-jest/hooks/2/edit" "Mozilla/5.0 (Macintosh; Intel Mac OS X 10_13_2) AppleWebKit/604.4.7 (KHTML, like Gecko) Version/11.0.2 Safari/604.4.7"
172.21.0.1 - - [03/Apr/2018:03:33:03 +0000] "GET /samuel/jenkins-jest/hooks/2/test?trigger=push_events HTTP/1.1" 302 130 "http://localhost:10080/samuel/jenkins-jest/settings/integrations" "Mozilla/5.0 (Macintosh; Intel Mac OS X 10_13_2) AppleWebKit/604.4.7 (KHTML, like Gecko) Version/11.0.2 Safari/604.4.7"
172.21.0.1 - - [03/Apr/2018:03:33:04 +0000] "GET /samuel/jenkins-jest/settings/integrations HTTP/1.1" 200 10170 "http://localhost:10080/samuel/jenkins-jest/settings/integrations" "Mozilla/5.0 (Macintosh; Intel Mac OS X 10_13_2) AppleWebKit/604.4.7 (KHTML, like Gecko) Version/11.0.2 Safari/604.4.7"
172.21.0.1 - - [03/Apr/2018:03:33:08 +0000] "GET /samuel/jenkins-jest/hooks/2/edit HTTP/1.1" 200 9246 "http://localhost:10080/samuel/jenkins-jest/settings/integrations" "Mozilla/5.0 (Macintosh; Intel Mac OS X 10_13_2) AppleWebKit/604.4.7 (KHTML, like Gecko) Version/11.0.2 Safari/604.4.7"
172.21.0.1 - - [03/Apr/2018:03:33:37 +0000] "POST /samuel/jenkins-jest/hooks/2 HTTP/1.1" 302 130 "http://localhost:10080/samuel/jenkins-jest/hooks/2/edit" "Mozilla/5.0 (Macintosh; Intel Mac OS X 10_13_2) AppleWebKit/604.4.7 (KHTML, like Gecko) Version/11.0.2 Safari/604.4.7"
172.21.0.1 - - [03/Apr/2018:03:33:38 +0000] "GET /samuel/jenkins-jest/settings/integrations HTTP/1.1" 200 10157 "http://localhost:10080/samuel/jenkins-jest/hooks/2/edit" "Mozilla/5.0 (Macintosh; Intel Mac OS X 10_13_2) AppleWebKit/604.4.7 (KHTML, like Gecko) Version/11.0.2 Safari/604.4.7"
172.21.0.1 - - [03/Apr/2018:03:33:44 +0000] "GET /samuel/jenkins-jest/hooks/2/test?trigger=push_events HTTP/1.1" 302 130 "http://localhost:10080/samuel/jenkins-jest/settings/integrations" "Mozilla/5.0 (Macintosh; Intel Mac OS X 10_13_2) AppleWebKit/604.4.7 (KHTML, like Gecko) Version/11.0.2 Safari/604.4.7"
172.21.0.1 - - [03/Apr/2018:03:33:47 +0000] "GET /samuel/jenkins-jest/settings/integrations HTTP/1.1" 200 10163 "http://localhost:10080/samuel/jenkins-jest/settings/integrations" "Mozilla/5.0 (Macintosh; Intel Mac OS X 10_13_2) AppleWebKit/604.4.7 (KHTML, like Gecko) Version/11.0.2 Safari/604.4.7"
172.21.0.3 - - [03/Apr/2018:03:33:51 +0000] "GET /samuel/jenkins-jest.git/info/refs?service=git-upload-pack HTTP/1.1" 200 351 "" "git/2.11.0"
172.21.0.3 - - [03/Apr/2018:03:33:52 +0000] "POST /samuel/jenkins-jest.git/git-upload-pack HTTP/1.1" 200 104261 "" "git/2.11.0"
127.0.0.1 - - [03/Apr/2018:03:34:01 +0000] "GET /help HTTP/1.1" 200 29420 "" "curl/7.56.1"
127.0.0.1 - - [03/Apr/2018:03:35:02 +0000] "GET /help HTTP/1.1" 200 29420 "" "curl/7.56.1"
127.0.0.1 - - [03/Apr/2018:03:36:03 +0000] "GET /help HTTP/1.1" 200 29420 "" "curl/7.56.1"
172.21.0.1 - - [03/Apr/2018:03:36:41 +0000] "GET /profile HTTP/1.1" 200 7985 "http://localhost:10080/samuel/jenkins-jest/settings/integrations" "Mozilla/5.0 (Macintosh; Intel Mac OS X 10_13_2) AppleWebKit/604.4.7 (KHTML, like Gecko) Version/11.0.2 Safari/604.4.7"
172.21.0.1 - - [03/Apr/2018:03:36:48 +0000] "GET /profile/personal_access_tokens HTTP/1.1" 200 7471 "http://localhost:10080/profile" "Mozilla/5.0 (Macintosh; Intel Mac OS X 10_13_2) AppleWebKit/604.4.7 (KHTML, like Gecko) Version/11.0.2 Safari/604.4.7"
127.0.0.1 - - [03/Apr/2018:03:37:04 +0000] "GET /help HTTP/1.1" 200 29420 "" "curl/7.56.1"
172.21.0.1 - - [03/Apr/2018:03:37:05 +0000] "POST /profile/personal_access_tokens/2/revoke HTTP/1.1" 302 119 "http://localhost:10080/profile/personal_access_tokens" "Mozilla/5.0 (Macintosh; Intel Mac OS X 10_13_2) AppleWebKit/604.4.7 (KHTML, like Gecko) Version/11.0.2 Safari/604.4.7"
172.21.0.1 - - [03/Apr/2018:03:37:06 +0000] "GET /profile/personal_access_tokens HTTP/1.1" 200 7345 "http://localhost:10080/profile/personal_access_tokens" "Mozilla/5.0 (Macintosh; Intel Mac OS X 10_13_2) AppleWebKit/604.4.7 (KHTML, like Gecko) Version/11.0.2 Safari/604.4.7"
172.21.0.1 - - [03/Apr/2018:03:37:14 +0000] "POST /profile/personal_access_tokens HTTP/1.1" 302 119 "http://localhost:10080/profile/personal_access_tokens" "Mozilla/5.0 (Macintosh; Intel Mac OS X 10_13_2) AppleWebKit/604.4.7 (KHTML, like Gecko) Version/11.0.2 Safari/604.4.7"
172.21.0.1 - - [03/Apr/2018:03:37:14 +0000] "GET /profile/personal_access_tokens HTTP/1.1" 200 7767 "http://localhost:10080/profile/personal_access_tokens" "Mozilla/5.0 (Macintosh; Intel Mac OS X 10_13_2) AppleWebKit/604.4.7 (KHTML, like Gecko) Version/11.0.2 Safari/604.4.7"
127.0.0.1 - - [03/Apr/2018:03:38:05 +0000] "GET /help HTTP/1.1" 200 29420 "" "curl/7.56.1"
127.0.0.1 - - [03/Apr/2018:03:39:05 +0000] "GET /help HTTP/1.1" 200 29420 "" "curl/7.56.1"
172.21.0.3 - - [03/Apr/2018:03:39:58 +0000] "GET /api/v4/user HTTP/1.1" 200 699 "" "-"
